#-----------------------------------------------------------
# Vivado v2023.2 (64-bit)
# SW Build 4029153 on Fri Oct 13 20:14:34 MDT 2023
# IP Build 4028589 on Sat Oct 14 00:45:43 MDT 2023
# SharedData Build 4025554 on Tue Oct 10 17:18:54 MDT 2023
# Start of session at: Mon Dec 18 16:05:55 2023
# Process ID: 16360
# Current directory: C:/Users/yohku/Documents/ULB/Digital_Archi/AES_FPGA/Vivado_projects/Lab4_segment_display/Lab4_segment_display.runs/synth_1
# Command line: vivado.exe -log BCD_7SEG_TOP.vds -product Vivado -mode batch -messageDb vivado.pb -notrace -source BCD_7SEG_TOP.tcl
# Log file: C:/Users/yohku/Documents/ULB/Digital_Archi/AES_FPGA/Vivado_projects/Lab4_segment_display/Lab4_segment_display.runs/synth_1/BCD_7SEG_TOP.vds
# Journal file: C:/Users/yohku/Documents/ULB/Digital_Archi/AES_FPGA/Vivado_projects/Lab4_segment_display/Lab4_segment_display.runs/synth_1\vivado.jou
# Running On: DESKTOP-9RHCRMG, OS: Windows, CPU Frequency: 4104 MHz, CPU Physical cores: 6, Host memory: 17098 MB
#-----------------------------------------------------------
source BCD_7SEG_TOP.tcl -notrace
