#-----------------------------------------------------------
# Vivado v2023.2 (64-bit)
# SW Build 4029153 on Fri Oct 13 20:14:34 MDT 2023
# IP Build 4028589 on Sat Oct 14 00:45:43 MDT 2023
# SharedData Build 4025554 on Tue Oct 10 17:18:54 MDT 2023
# Start of session at: Fri Dec 22 15:01:39 2023
# Process ID: 16792
# Current directory: C:/Users/yohku/Documents/ULB/Digital_Archi/AES_FPGA/Vivado_projects/AES_Final/AES_Final.runs/synth_1
# Command line: vivado.exe -log AESBoard.vds -product Vivado -mode batch -messageDb vivado.pb -notrace -source AESBoard.tcl
# Log file: C:/Users/yohku/Documents/ULB/Digital_Archi/AES_FPGA/Vivado_projects/AES_Final/AES_Final.runs/synth_1/AESBoard.vds
# Journal file: C:/Users/yohku/Documents/ULB/Digital_Archi/AES_FPGA/Vivado_projects/AES_Final/AES_Final.runs/synth_1\vivado.jou
# Running On: DESKTOP-9RHCRMG, OS: Windows, CPU Frequency: 4104 MHz, CPU Physical cores: 6, Host memory: 17098 MB
#-----------------------------------------------------------
source AESBoard.tcl -notrace
