#-----------------------------------------------------------
# Vivado v2023.2 (64-bit)
# SW Build 4029153 on Fri Oct 13 20:14:34 MDT 2023
# IP Build 4028589 on Sat Oct 14 00:45:43 MDT 2023
# SharedData Build 4025554 on Tue Oct 10 17:18:54 MDT 2023
# Start of session at: Mon Dec 18 17:34:26 2023
# Process ID: 19480
# Current directory: C:/Users/yohku/Documents/ULB/Digital_Archi/AES_FPGA/Vivado_projects/test_board_shift/test_board_shift.runs/impl_1
# Command line: vivado.exe -log Board.vdi -applog -product Vivado -messageDb vivado.pb -mode batch -source Board.tcl -notrace
# Log file: C:/Users/yohku/Documents/ULB/Digital_Archi/AES_FPGA/Vivado_projects/test_board_shift/test_board_shift.runs/impl_1/Board.vdi
# Journal file: C:/Users/yohku/Documents/ULB/Digital_Archi/AES_FPGA/Vivado_projects/test_board_shift/test_board_shift.runs/impl_1\vivado.jou
# Running On: DESKTOP-9RHCRMG, OS: Windows, CPU Frequency: 4104 MHz, CPU Physical cores: 6, Host memory: 17098 MB
#-----------------------------------------------------------
source Board.tcl -notrace
